// Jest Snapshot v1, https://goo.gl/fbAQLP

exports[`component PatientList renders component 1`] = `
<div
  className="patient-list"
>
  <h2>
    Patient Directory
  </h2>
  <DataTable
    columns={
      Array [
        Object {
          "accessor": [Function],
          "displayName": "Name",
          "key": "name",
        },
        Object {
          "accessor": [Function],
          "displayName": "MRN",
          "key": "mrn",
        },
        Object {
          "accessor": [Function],
          "displayName": "Date of Birth",
          "key": "dob",
        },
        Object {
          "accessor": [Function],
          "displayName": "Demographics",
          "key": "demo",
        },
        Object {
          "accessor": [Function],
          "displayName": "Treatment Site",
          "key": "site",
        },
      ]
    }
    onRowClick={[Function]}
  />
</div>
`;
